[36mvite v8.0.5 [32mbuilding client environment for production...[36m[39m
[2K
transforming...Γ£ô 900 modules transformed.
Γ£ù Build failed in 182ms
error during build:
Build failed with 2 errors:

[builtin:vite-transform] Error: Unexpected JSX expression
    Γò¡ΓöÇ[ src/context/ProContext.js:50:5 ]
    Γöé
 50 Γöé Γò¡ΓöÇΓû╢     <ProContext.Provider value={value}>
    Γöå Γöå   
 52 Γöé Γö£ΓöÇΓû╢     </ProContext.Provider>
    Γöé Γöé                                
    Γöé Γò░ΓöÇΓöÇΓöÇΓöÇΓöÇΓöÇΓöÇΓöÇΓöÇΓöÇΓöÇΓöÇΓöÇΓöÇΓöÇΓöÇΓöÇΓöÇΓöÇΓöÇΓöÇΓöÇΓöÇΓöÇΓöÇΓöÇΓöÇΓöÇΓöÇΓöÇΓöÇΓöÇ 
    Γöé 
    Γöé Help: JSX syntax is disabled and should be enabled via the parser options
ΓöÇΓöÇΓöÇΓöÇΓò»

[builtin:vite-transform] Error: Unexpected JSX expression
    Γò¡ΓöÇ[ src/hooks/useSessionTimeout.js:38:11 ]
    Γöé
 38 Γöé Γò¡ΓöÇΓû╢           <div style={{ display: 'flex', flexDirection: 'column', gap: '8px' }}>
    Γöå Γöå   
 55 Γöé Γö£ΓöÇΓû╢           </div>
    Γöé Γöé                      
    Γöé Γò░ΓöÇΓöÇΓöÇΓöÇΓöÇΓöÇΓöÇΓöÇΓöÇΓöÇΓöÇΓöÇΓöÇΓöÇΓöÇΓöÇΓöÇΓöÇΓöÇΓöÇΓöÇΓöÇ 
    Γöé 
    Γöé Help: JSX syntax is disabled and should be enabled via the parser options
ΓöÇΓöÇΓöÇΓöÇΓò»

    at aggregateBindingErrorsIntoJsError (file:///C:/Users/mp429/Desktop/Full%20stack%20project/Expense_Tracker/frontend/node_modules/rolldown/dist/shared/error-BLhcSyeg.mjs:48:18)
    at unwrapBindingResult (file:///C:/Users/mp429/Desktop/Full%20stack%20project/Expense_Tracker/frontend/node_modules/rolldown/dist/shared/error-BLhcSyeg.mjs:18:128)
    at #build (file:///C:/Users/mp429/Desktop/Full%20stack%20project/Expense_Tracker/frontend/node_modules/rolldown/dist/shared/rolldown-build-CPrIX9V6.mjs:3313:34)
    at async buildEnvironment (file:///C:/Users/mp429/Desktop/Full%20stack%20project/Expense_Tracker/frontend/node_modules/vite/dist/node/chunks/node.js:32939:64)
    at async Object.build (file:///C:/Users/mp429/Desktop/Full%20stack%20project/Expense_Tracker/frontend/node_modules/vite/dist/node/chunks/node.js:33361:19)
    at async Object.buildApp (file:///C:/Users/mp429/Desktop/Full%20stack%20project/Expense_Tracker/frontend/node_modules/vite/dist/node/chunks/node.js:33358:153)
    at async CAC.<anonymous> (file:///C:/Users/mp429/Desktop/Full%20stack%20project/Expense_Tracker/frontend/node_modules/vite/dist/node/cli.js:778:3) {
  errors: [Getter/Setter]
}
